// Jest Snapshot v1, https://goo.gl/fbAQLP

exports[`Tooltip should take a snapshot 1`] = `
<DocumentFragment>
  <button>
    Submit
  </button>
</DocumentFragment>
`;
