// Jest Snapshot v1, https://goo.gl/fbAQLP

exports[`ErrorBoundary should take a snapshot 1`] = `<DocumentFragment />`;
