// Jest Snapshot v1, https://goo.gl/fbAQLP

exports[`TextField should take a snapshot 1`] = `
<DocumentFragment>
  <input
    aria-label="TextField"
    data-testid="textfield"
    type="text"
    value=""
  />
</DocumentFragment>
`;
