// Jest Snapshot v1, https://goo.gl/fbAQLP

exports[`Alert should take a snapshot 1`] = `
<DocumentFragment>
  <div
    aria-label="Alert"
    class="success"
  >
    <div
      class="content"
    />
  </div>
</DocumentFragment>
`;
